tokenizer_load: fopen: No such file or directory
[seed] ASCII orphan sweep: 0 new entries seeded (stbl now has 761 entries)
[louds_build] WARNING: skipping token "[UNK]" (id=0) — syllabification contains TOK_UNK; fix: ensure stbl covers all characters before louds_build() is called.
[louds_build] 1 token(s) skipped due to TOK_UNK in syllable sequence — vocabulary is incomplete.
[louds_build] Split CSR: 4325 nodes, 4324 edges
[tokenizer_rebuild_fast_paths] byte_to_syl: 240 entries, cv_to_token: 217 entries, space_cv_to_token: 0 entries
[tokenizer_build_dense] cv_dense: 96 entries, sp_dense: 0 entries
Testing simple tokenizer functionality...
Model file not found, building from mini corpus...
Built tokenizer from 9 documents
Tokenizer loaded successfully
Test text: "okusoma nnyo"
Token count: 4
Tokens: [oku] [soma] [ ] [nnyo] 

Testing performance...
Completed 10000 iterations in 0.002 seconds
Throughput: 4621072 ops/sec
Tokenizer destroyed successfully
